// Jest Snapshot v1, https://goo.gl/fbAQLP

exports[`Generate should render correctly 1`] = `
<div
  className="jsx-__scopedHash generate"
>
  <JSXStyle
    css="__scoped"
    styleId="__scopedHash"
  />
  <h3
    className="jsx-__scopedHash"
  >
    Generate Account
  </h3>
  <p
    className="jsx-__scopedHash"
  >
    The standard bip39 is used to generate a mnemonic phrase, from which your wallet will be cryptographically derived.
  </p>
  <div
    className="jsx-__scopedHash generate__notification"
  >
    <Notification
      isWarning={true}
    >
      Please write down the following mnemonic and store it in a safe place! If you loose your mnemonic you will not be able to access your fund again. If someone else gets a copy of this, they can take over your wallet & fund and steal your price!
      <div
        className="jsx-__scopedHash generate__mnemonic"
      />
    </Notification>
  </div>
  <Button
    onClick={[Function]}
    style="secondary"
  >
    Generate
  </Button>
</div>
`;
