// Jest Snapshot v1, https://goo.gl/fbAQLP

exports[`GenerateWallet should render correctly 1`] = `
<withHandlers(Component)
  generatedMnemonic="next glass shell collect erupt image drive tumble motor gym glove inside"
  onSubmitMnemonic={[MockFunction]}
  onSubmitPassword={[MockFunction]}
  page={0}
  passwordForm={
    Object {
      "initialValues": Object {
        "password": "abc",
      },
    }
  }
  restoreWallet={
    Object {
      "initialValues": Object {
        "mnemonic": "",
      },
    }
  }
  setPage={[Function]}
/>
`;
