// Jest Snapshot v1, https://goo.gl/fbAQLP

exports[`Factsheet should render correctly 1`] = `
<div
  className="jsx-__scopedHash factsheet"
>
  <JSXStyle
    css="__scoped"
    styleId="__scopedHash"
  />
  <h3
    className="jsx-__scopedHash factsheet__title"
  >
    Melon Fund
    <a
      className="jsx-__scopedHash factsheet__title-link"
      href="https://twitter.com/intent/tweet?text=My%20%23MelonFund%20%22Melon%20Fund%22%20has%20a%20share%20price%20currently%20of%200.9824.%20Have%20a%20look%3A&url=https%3A%2F%2Fmelon.fund%2F%23undefined&hashtags=TechnologyRegulatedFunds%2CMelon%2CMelonFund&via=melonport&related=melonport"
      rel="noopener noreferrer"
      target="_blank"
    >
      <Icon
        height="12px"
        name="icons_twitter"
        width="12px"
      />
    </a>
  </h3>
  <div
    className="jsx-__scopedHash"
  >
    Creation date:
     
    <Loading
      loading={false}
    >
      24. Jul 2018 09:19
    </Loading>
    <br
      className="jsx-__scopedHash"
    />
    <Button
      onClick={[Function]}
      style="clear"
    >
      AUM:
       
      <Loading
        dataAvailable={false}
        loading={false}
      >
        0.9824
      </Loading>
       
      WETH-T
    </Button>
    <Button
      onClick={[Function]}
      style="clear"
    >
      Share price:
       
      <Loading
        dataAvailable={false}
        loading={false}
      >
        0.9824
      </Loading>
       
      WETH-T
      /Share
    </Button>
    <a
      className="jsx-__scopedHash"
      href="/"
    >
      Ranking: 
      <Loading
        loading={false}
      >
        1
      </Loading>
       out of
       
      <Loading
        loading={false}
      >
        12
      </Loading>
    </a>
    <br
      className="jsx-__scopedHash"
    />
    Total number of shares:
     
    <Loading
      loading={false}
    >
      1.0000
    </Loading>
    <br
      className="jsx-__scopedHash"
    />
    Shares owned by me:
     
    <Loading
      loading={false}
    >
      1
    </Loading>
    <hr
      className="jsx-__scopedHash"
    />
    Management Reward:
     
    <Loading
      loading={false}
    >
      0
    </Loading>
    %
    <br
      className="jsx-__scopedHash"
    />
    Performance Reward:
     
    <Loading
      loading={false}
    >
      0
    </Loading>
    %
    <hr
      className="jsx-__scopedHash"
    />
    <a
      className="jsx-__scopedHash"
      href="https://ipfs.io/ipfs/Qmc9JRw4zarrs6gJwu6tC58UAgeEujNg9VMWcH8MUEd5TW/"
      rel="noopener noreferrer"
      target="_blank"
    >
      Contact Investors/Managers
    </a>
    <hr
      className="jsx-__scopedHash"
    />
    <a
      className="jsx-__scopedHash"
      href="https://melon-reporting.now.sh/report/"
      rel="noopener noreferrer"
      target="_blank"
    >
      Generate fund report
    </a>
    <hr
      className="jsx-__scopedHash"
    />
    <Button
      onClick={[MockFunction]}
      style="clear"
    >
      Irreversibly shut down fund
    </Button>
  </div>
</div>
`;

exports[`Factsheet should render correctly with isCompetition 1`] = `
<div
  className="jsx-__scopedHash factsheet"
>
  <JSXStyle
    css="__scoped"
    styleId="__scopedHash"
  />
  <h3
    className="jsx-__scopedHash factsheet__title"
  >
    Melon Fund
    <a
      className="jsx-__scopedHash factsheet__title-link"
      href="https://twitter.com/intent/tweet?text=My%20%23MelonFund%20%22Melon%20Fund%22%20has%20a%20share%20price%20currently%20of%200.9824.%20Have%20a%20look%3A&url=https%3A%2F%2Fmelon.fund%2F%23undefined&hashtags=TechnologyRegulatedFunds%2CMelon%2CMelonFund&via=melonport&related=melonport"
      rel="noopener noreferrer"
      target="_blank"
    >
      <Icon
        height="12px"
        name="icons_twitter"
        width="12px"
      />
    </a>
  </h3>
  <div
    className="jsx-__scopedHash"
  >
    Creation date:
     
    <Loading
      loading={false}
    >
      24. Jul 2018 09:19
    </Loading>
    <br
      className="jsx-__scopedHash"
    />
    <Button
      onClick={[Function]}
      style="clear"
    >
      AUM:
       
      <Loading
        dataAvailable={false}
        loading={false}
      >
        0.9824
      </Loading>
       
      WETH-T
    </Button>
    <Button
      onClick={[Function]}
      style="clear"
    >
      Share price:
       
      <Loading
        dataAvailable={false}
        loading={false}
      >
        0.9824
      </Loading>
       
      WETH-T
      /Share
    </Button>
    <a
      className="jsx-__scopedHash"
      href="/"
    >
      Ranking: 
      <Loading
        loading={false}
      >
        1
      </Loading>
       out of
       
      <Loading
        loading={false}
      >
        12
      </Loading>
    </a>
    <br
      className="jsx-__scopedHash"
    />
    Total number of shares:
     
    <Loading
      loading={false}
    >
      1.0000
    </Loading>
    <br
      className="jsx-__scopedHash"
    />
    Shares owned by me:
     
    <Loading
      loading={false}
    >
      1
    </Loading>
    <hr
      className="jsx-__scopedHash"
    />
    Management Reward:
     
    <Loading
      loading={false}
    >
      0
    </Loading>
    %
    <br
      className="jsx-__scopedHash"
    />
    Performance Reward:
     
    <Loading
      loading={false}
    >
      0
    </Loading>
    %
    <hr
      className="jsx-__scopedHash"
    />
    <a
      className="jsx-__scopedHash"
      href="https://ipfs.io/ipfs/Qmc9JRw4zarrs6gJwu6tC58UAgeEujNg9VMWcH8MUEd5TW/"
      rel="noopener noreferrer"
      target="_blank"
    >
      Contact Investors/Managers
    </a>
    <hr
      className="jsx-__scopedHash"
    />
    <a
      className="jsx-__scopedHash"
      href="https://melon-reporting.now.sh/report/"
      rel="noopener noreferrer"
      target="_blank"
    >
      Generate fund report
    </a>
    <hr
      className="jsx-__scopedHash"
    />
  </div>
</div>
`;

exports[`Factsheet should render correctly with loading 1`] = `
<div
  className="jsx-__scopedHash factsheet"
>
  <JSXStyle
    css="__scoped"
    styleId="__scopedHash"
  />
  <h3
    className="jsx-__scopedHash factsheet__title"
  >
    Melon Fund
    <a
      className="jsx-__scopedHash factsheet__title-link"
      href="https://twitter.com/intent/tweet?text=My%20%23MelonFund%20%22Melon%20Fund%22%20has%20a%20share%20price%20currently%20of%200.9824.%20Have%20a%20look%3A&url=https%3A%2F%2Fmelon.fund%2F%23undefined&hashtags=TechnologyRegulatedFunds%2CMelon%2CMelonFund&via=melonport&related=melonport"
      rel="noopener noreferrer"
      target="_blank"
    >
      <Icon
        height="12px"
        name="icons_twitter"
        width="12px"
      />
    </a>
  </h3>
  <Spinner
    icon={true}
    size="small"
  />
</div>
`;
